[15:11:26] cycle targets=5 applied=0
    page 83DF2F72 url=about:blank injOk=True blockLogin=True
    page 29587331 url=http://%2A/ injOk=True blockLogin=True
    page 17ECD440 url=http://127.0.0.1/ injOk=True blockLogin=True
    page C80A3DDD url=http://exclude/ injOk=True blockLogin=True
    page 6B7037B2 url=http://~notfound,/ injOk=True blockLogin=True
[15:11:29] cycle targets=5 applied=5
[15:11:31] cycle targets=5 applied=5
[15:11:33] cycle targets=5 applied=5
[15:11:35] cycle targets=5 applied=5
[15:11:37] cycle targets=5 applied=5
[15:11:39] cycle targets=5 applied=5
[15:11:41] cycle targets=5 applied=5
[15:11:43] cycle targets=5 applied=5
[15:11:45] cycle targets=5 applied=5
[15:11:47] cycle targets=5 applied=5
[15:11:49] cycle targets=5 applied=5
[15:11:51] cycle targets=6 applied=5
    page 38CDE125 url=https://accounts.google.com/ injOk=True blockLogin=True
[15:11:53] cycle targets=6 applied=6
[15:11:55] cycle targets=6 applied=6
[15:11:58] cycle targets=6 applied=6
[15:12:00] cycle targets=6 applied=6
[15:12:02] cycle targets=6 applied=6
[15:12:04] cycle targets=6 applied=6
[15:12:06] cycle targets=6 applied=6
[15:12:08] cycle targets=6 applied=6
[15:12:10] cycle targets=6 applied=6
[15:12:12] cycle targets=6 applied=6
[15:12:14] cycle targets=6 applied=6
[15:12:16] cycle targets=6 applied=6
[15:12:18] cycle targets=6 applied=6
[15:12:20] cycle targets=6 applied=6
[15:12:22] cycle targets=6 applied=6
[15:12:24] cycle targets=6 applied=6
[15:12:26] cycle targets=6 applied=6
[15:12:28] cycle targets=6 applied=6
[15:12:30] cycle targets=6 applied=6
[15:12:32] cycle targets=6 applied=6
[15:12:34] cycle targets=6 applied=6
[15:12:36] cycle targets=6 applied=6
[15:12:38] cycle targets=6 applied=6
[15:12:40] cycle targets=6 applied=6
[15:12:42] cycle targets=6 applied=6
[15:12:44] cycle targets=6 applied=6
[15:12:46] cycle targets=6 applied=6
[15:12:49] cycle targets=6 applied=6
[15:12:51] cycle targets=6 applied=6
[15:12:53] cycle targets=6 applied=6
[15:12:55] cycle targets=6 applied=6
[15:12:57] cycle targets=6 applied=6
[15:12:59] cycle targets=6 applied=6
[15:13:01] cycle targets=6 applied=6
[15:13:03] cycle targets=6 applied=6
[15:13:05] cycle targets=6 applied=6
[15:13:07] cycle targets=6 applied=6
[15:13:09] cycle targets=6 applied=6
[15:13:11] cycle targets=6 applied=6
[15:13:13] cycle targets=6 applied=6
[15:13:15] cycle targets=6 applied=6
[15:13:17] cycle targets=6 applied=6
[15:13:19] cycle targets=6 applied=6
[15:13:21] cycle targets=6 applied=6
[15:13:23] cycle targets=6 applied=6
[15:13:25] cycle targets=6 applied=6
[15:13:27] cycle targets=6 applied=6
[15:13:29] cycle targets=6 applied=6
[15:13:31] cycle targets=6 applied=6
[15:13:33] cycle targets=6 applied=6
[15:13:35] cycle targets=6 applied=6
[15:13:37] cycle targets=6 applied=6
[15:13:39] cycle targets=6 applied=6
[15:13:41] cycle targets=6 applied=6
[15:13:44] cycle targets=6 applied=6
[15:13:46] cycle targets=6 applied=6
[15:13:48] cycle targets=6 applied=6
[15:13:50] cycle targets=6 applied=6
[15:13:52] cycle targets=6 applied=6
[15:13:54] cycle targets=6 applied=6
[15:13:56] cycle targets=6 applied=6
[15:13:58] cycle targets=6 applied=6
[15:14:00] cycle targets=6 applied=6
[15:14:02] cycle targets=6 applied=6
[15:14:04] cycle targets=6 applied=6
[15:14:06] cycle targets=6 applied=6
[15:14:08] cycle targets=6 applied=6
[15:14:10] cycle targets=6 applied=6
[15:14:12] cycle targets=6 applied=6
[15:14:14] cycle targets=6 applied=6
[15:14:16] cycle targets=6 applied=6
[15:14:18] cycle targets=6 applied=6
[15:14:20] cycle targets=6 applied=6
[15:14:22] cycle targets=6 applied=6
[15:14:24] cycle targets=6 applied=6
[15:14:27] cycle targets=6 applied=6
[15:14:29] cycle targets=6 applied=6
[15:14:31] cycle targets=6 applied=6
[15:14:33] cycle targets=6 applied=6
[15:14:35] cycle targets=6 applied=6
[15:14:37] cycle targets=6 applied=6
[15:14:39] cycle targets=6 applied=6
[15:14:41] cycle targets=6 applied=6
[15:14:43] cycle targets=6 applied=6
[15:14:45] cycle targets=6 applied=6
[15:14:47] cycle targets=6 applied=6
[15:14:49] cycle targets=6 applied=6
[15:14:51] cycle targets=6 applied=6
[15:14:53] cycle targets=6 applied=6
[15:14:55] cycle targets=6 applied=6
[15:14:57] cycle targets=6 applied=6
[15:14:59] cycle targets=6 applied=6
[15:15:01] cycle targets=6 applied=6
[15:15:03] cycle targets=6 applied=6
[15:15:05] cycle targets=6 applied=6
[15:15:07] cycle targets=6 applied=6
[15:15:09] cycle targets=6 applied=6
[15:15:11] cycle targets=6 applied=6
[15:15:13] cycle targets=6 applied=6
[15:15:16] cycle targets=6 applied=6
[15:15:18] cycle targets=6 applied=6
[15:15:20] cycle targets=6 applied=6
[15:15:22] cycle targets=6 applied=6
[15:15:24] cycle targets=6 applied=6
[15:15:26] cycle targets=6 applied=6
[15:15:28] cycle targets=6 applied=6
[15:15:30] cycle targets=6 applied=6
[15:15:32] cycle targets=6 applied=6
[15:15:34] cycle targets=6 applied=6
[15:15:36] cycle targets=6 applied=6
[15:15:38] cycle targets=6 applied=6
[15:15:40] cycle targets=6 applied=6
[15:15:42] cycle targets=6 applied=6
[15:15:44] cycle targets=6 applied=6
[15:15:46] cycle targets=6 applied=6
[15:15:48] cycle targets=6 applied=6
[15:15:50] cycle targets=6 applied=6
[15:15:52] cycle targets=6 applied=6
[15:15:54] cycle targets=6 applied=6
[15:15:56] cycle targets=6 applied=6
[15:15:58] cycle targets=6 applied=6
[15:16:00] cycle targets=6 applied=6
[15:16:02] cycle targets=6 applied=6
[15:16:04] cycle targets=6 applied=6
[15:16:06] cycle targets=6 applied=6
[15:16:09] cycle targets=6 applied=6
[15:16:11] cycle targets=6 applied=6
[15:16:13] cycle targets=6 applied=6
[15:16:15] cycle targets=6 applied=6
[15:16:17] cycle targets=6 applied=6
[15:16:19] cycle targets=6 applied=6
[15:16:21] cycle targets=6 applied=6
[15:16:23] cycle targets=6 applied=6
[15:16:25] cycle targets=6 applied=6
[15:16:27] cycle targets=6 applied=6
[15:16:29] cycle targets=6 applied=6
[15:16:31] cycle targets=6 applied=6
[15:16:33] cycle targets=6 applied=6
[15:16:35] cycle targets=6 applied=6
[15:16:37] cycle targets=6 applied=6
[15:16:39] cycle targets=6 applied=6
[15:16:41] cycle targets=6 applied=6
[15:16:43] cycle targets=6 applied=6
[15:16:45] cycle targets=6 applied=6
[15:16:47] cycle targets=6 applied=6
[15:16:49] cycle targets=6 applied=6
[15:16:51] cycle targets=6 applied=6
